// Jest Snapshot v1, https://goo.gl/fbAQLP

exports[`StackContainer downloadZettelis saves zettelis to file 1`] = `
Object {
  "content": Array [
    "
---
>Fri, 07 Jul 2017 02:40:00 +0000
[t1 t2]

hello
",
    "
---
>Fri, 07 Jul 2017 02:40:05 +0000
[t3 t4]

hello2
",
  ],
  "options": Object {
    "type": "text/plain;charset=utf-8",
  },
}
`;
